// Jest Snapshot v1, https://goo.gl/fbAQLP

exports[`posting data should return 201 on water route invalid body missing uuid 1`] = `
{
  "amount": Any<Number>,
  "id": Any<Number>,
  "time": null,
  "timestamp": Any<String>,
  "tree_id": Any<String>,
  "username": Any<String>,
  "uuid": Any<String>,
}
`;
